// Jest Snapshot v1, https://goo.gl/fbAQLP

exports[`Pruebas en <GifItem /> debe de hacer match con el snapshot 1`] = `
<div>
  <div
    class="card"
  >
    <img
      alt="Funny"
      src="https://lol.com/funny.gif"
    />
    <p>
      Funny
    </p>
  </div>
</div>
`;
